
> copa-do-mundo-apd@0.0.0 build
> tsc -b && vite build

[36mvite v8.0.10 [32mbuilding client environment for production...[36m[39m
[2K
transforming...Ô£ô 1766 modules transformed.
node.exe : [31mÔ£ù[39m Build failed in 229ms
At line:1 char:1
+ & "C:\Program Files\nodejs/node.exe" "C:\Program Files\nodejs/node_mo ...
+ ~~~~~~~~~~~~~~~~~~~~~~~~~~~~~~~~~~~~~~~~~~~~~~~~~~~~~~~~~~~~~~~~~~~~~
    + CategoryInfo          : NotSpecified: ([31mÔ£ù[39m Build failed in 229ms:String) [], RemoteException
    + FullyQualifiedErrorId : NativeCommandError
 
[31merror during build:
[31mBuild failed with 1 error:

[31m[UNLOADABLE_DEPENDENCY] Error:[0m Could not load src/index.css
   [38;5;246mÔò¡[0m[38;5;246mÔöÇ[0m[38;5;246m[[0m src/main.tsx:3:8 [38;5;246m][0m
   [38;5;246mÔöé[0m
 [38;5;246m3 Ôöé[0m 
[38;5;249mi[0m[38;5;249mm[0m[38;5;249mp[0m[38;5;249mo[0m[38;5;249mr[0m[38;5;249mt[0m[38;5;249m 
[0m"./index.css"[38;5;249m;[0m
 [38;5;240m  Ôöé[0m        ÔöÇÔöÇÔöÇÔöÇÔöÇÔöÇÔö¼ÔöÇÔöÇÔöÇÔöÇÔöÇÔöÇ  
 [38;5;240m  Ôöé[0m              Ôò░ÔöÇÔöÇÔöÇÔöÇÔöÇÔöÇÔöÇÔöÇ stream did not contain valid UTF-8
[38;5;246mÔöÇÔöÇÔöÇÔò»[0m
[31m
    at aggregateBindingErrorsIntoJsError (file:///C:/Users/Maikon/.gemini/antigravity/scratch/copa-do-mundo-apd/node_mo
dules/rolldown/dist/shared/error-DL-e8-oE.mjs:48:18)
    at unwrapBindingResult (file:///C:/Users/Maikon/.gemini/antigravity/scratch/copa-do-mundo-apd/node_modules/rolldown
/dist/shared/error-DL-e8-oE.mjs:18:128)
    at #build (file:///C:/Users/Maikon/.gemini/antigravity/scratch/copa-do-mundo-apd/node_modules/rolldown/dist/shared/
rolldown-build-DSxL8qiP.mjs:3317:34)
    at async buildEnvironment (file:///C:/Users/Maikon/.gemini/antigravity/scratch/copa-do-mundo-apd/node_modules/vite/
dist/node/chunks/node.js:33018:64)
    at async Object.build (file:///C:/Users/Maikon/.gemini/antigravity/scratch/copa-do-mundo-apd/node_modules/vite/dist
/node/chunks/node.js:33440:19)
    at async Object.buildApp (file:///C:/Users/Maikon/.gemini/antigravity/scratch/copa-do-mundo-apd/node_modules/vite/d
ist/node/chunks/node.js:33437:153)
    at async CAC.<anonymous> 
(file:///C:/Users/Maikon/.gemini/antigravity/scratch/copa-do-mundo-apd/node_modules/vite/dist/node/cli.js:778:3) {
  errors: [Getter/Setter]
}[39m
